[INFO] Scanning for projects...
[INFO] 
[INFO] --------------------< com.food-dash:food-dash-api >---------------------
[INFO] Building food-dash-api 0.0.1-SNAPSHOT
[INFO]   from pom.xml
[INFO] --------------------------------[ jar ]---------------------------------
[INFO] 
[INFO] --- clean:3.5.0:clean (default-clean) @ food-dash-api ---
[INFO] Deleting C:\Users\mailk\Projects\FoodDash\food-dash-api\target
[INFO] 
[INFO] --- resources:3.3.1:resources (default-resources) @ food-dash-api ---
[INFO] Copying 1 resource from src\main\resources to target\classes
[INFO] Copying 4 resources from src\main\resources to target\classes
[INFO] 
[INFO] --- compiler:3.14.1:compile (default-compile) @ food-dash-api ---
[INFO] Recompiling the module because of changed source code.
[INFO] Compiling 67 source files with javac [debug parameters release 21] to target\classes
[INFO] -------------------------------------------------------------
[ERROR] COMPILATION ERROR : 
[INFO] -------------------------------------------------------------
[ERROR] /C:/Users/mailk/Projects/FoodDash/food-dash-api/src/main/java/com/fooddash/service/OrderServiceImpl.java:[106,64] cannot find symbol
  symbol:   method findByOwnerId(java.lang.Long)
  location: variable restaurantRepository of type com.fooddash.repository.RestaurantRepository
[INFO] 1 error
[INFO] -------------------------------------------------------------
[INFO] ------------------------------------------------------------------------
[INFO] BUILD FAILURE
[INFO] ------------------------------------------------------------------------
[INFO] Total time:  3.732 s
[INFO] Finished at: 2026-03-16T13:01:08+05:30
[INFO] ------------------------------------------------------------------------
[ERROR] Failed to execute goal org.apache.maven.plugins:maven-compiler-plugin:3.14.1:compile (default-compile) on project food-dash-api: Compilation failure
[ERROR] /C:/Users/mailk/Projects/FoodDash/food-dash-api/src/main/java/com/fooddash/service/OrderServiceImpl.java:[106,64] cannot find symbol
[ERROR]   symbol:   method findByOwnerId(java.lang.Long)
[ERROR]   location: variable restaurantRepository of type com.fooddash.repository.RestaurantRepository
[ERROR] 
[ERROR] -> [Help 1]
[ERROR] 
[ERROR] To see the full stack trace of the errors, re-run Maven with the -e switch.
[ERROR] Re-run Maven using the -X switch to enable full debug logging.
[ERROR] 
[ERROR] For more information about the errors and possible solutions, please read the following articles:
[ERROR] [Help 1] http://cwiki.apache.org/confluence/display/MAVEN/MojoFailureException
